\BOOKMARK [1][]{section.1}{\376\377\000M\000o\000t\000i\000v\000a\000t\000i\000o\000n\000:\000\040\000f\000r\000o\000m\000\040\000t\000w\000o\000\040\000s\000e\000a\000r\000c\000h\000e\000s\000\040\000t\000o\000\040\000o\000n\000e\000\040\000c\000o\000o\000p\000e\000r\000a\000t\000i\000v\000e\000\040\000p\000r\000o\000c\000e\000s\000s}{}% 1
\BOOKMARK [2][]{subsection.1.1}{\376\377\000T\000h\000e\000\040\000m\000a\000t\000h\000e\000m\000a\000t\000i\000c\000a\000l\000\040\000r\000a\000t\000h\000e\000r\000\040\000t\000h\000a\000n\000\040\000a\000u\000t\000o\000b\000i\000o\000g\000r\000a\000p\000h\000i\000c\000a\000l\000\040\000s\000t\000o\000r\000y}{section.1}% 2
\BOOKMARK [1][]{section.2}{\376\377\000F\000o\000r\000m\000a\000l\000\040\000s\000y\000s\000t\000e\000m\000s\000\040\000a\000n\000d\000\040\000g\000e\000n\000e\000r\000a\000l\000i\000z\000e\000d\000-\000b\000o\000a\000r\000d\000-\000g\000a\000m\000e\000\040\000s\000e\000m\000a\000n\000t\000i\000c\000s}{}% 3
\BOOKMARK [2][]{subsection.2.1}{\376\377\000T\000h\000e\000\040\000x\000y\000z\000\040\000b\000a\000s\000e}{section.2}% 4
\BOOKMARK [2][]{subsection.2.2}{\376\377\000C\000o\000m\000p\000l\000e\000t\000e\000\040\000s\000t\000a\000t\000e\000\040\000i\000s\000\040\000e\000s\000s\000e\000n\000t\000i\000a\000l}{section.2}% 5
\BOOKMARK [2][]{subsection.2.3}{\376\377\000C\000o\000o\000p\000e\000r\000a\000t\000i\000v\000e\000\040\000g\000e\000o\000m\000e\000t\000r\000y\000\040\000i\000s\000\040\000n\000o\000t\000\040\000a\000d\000v\000e\000r\000s\000a\000r\000i\000a\000l\000\040\000m\000i\000n\000i\000m\000a\000x}{section.2}% 6
\BOOKMARK [1][]{section.3}{\376\377\000T\000h\000e\000\040\000r\000e\000d\000u\000c\000e\000d\000\040\000P\000/\000R\000/\000B\000A\000N\000K\000\040\000m\000a\000c\000h\000i\000n\000e}{}% 7
\BOOKMARK [2][]{subsection.3.1}{\376\377\000A\000c\000c\000e\000p\000t\000e\000d\000\040\000a\000c\000t\000i\000o\000n\000s}{section.3}% 8
\BOOKMARK [2][]{subsection.3.2}{\376\377\000C\000e\000r\000t\000i\000f\000i\000e\000d\000\040\000s\000h\000a\000r\000i\000n\000g}{section.3}% 9
\BOOKMARK [1][]{section.4}{\376\377\000I\000n\000t\000r\000i\000n\000s\000i\000c\000\040\000s\000e\000t\000t\000l\000e\000m\000e\000n\000t\000\040\000h\000o\000r\000i\000z\000o\000n\000s}{}% 10
\BOOKMARK [2][]{subsection.4.1}{\376\377\000R\000o\000l\000e\000-\000r\000e\000s\000t\000r\000i\000c\000t\000e\000d\000\040\000h\000o\000r\000i\000z\000o\000n\000s}{section.4}% 11
\BOOKMARK [1][]{section.5}{\376\377\000D\000i\000s\000c\000r\000e\000t\000e\000\040\000d\000e\000r\000i\000v\000a\000t\000i\000v\000e\000s\000\040\000a\000n\000d\000\040\000l\000o\000c\000a\000l\000\040\000g\000e\000o\000d\000e\000s\000i\000c\000\040\000d\000e\000f\000e\000c\000t}{}% 12
\BOOKMARK [1][]{section.6}{\376\377\000T\000h\000e\000\040\000c\000e\000n\000t\000r\000a\000l\000\040\000d\000e\000f\000e\000c\000t\000-\000d\000e\000c\000o\000m\000p\000o\000s\000i\000t\000i\000o\000n\000\040\000t\000h\000e\000o\000r\000e\000m}{}% 13
\BOOKMARK [2][]{subsection.6.1}{\376\377\000W\000h\000a\000t\000\040\000t\000h\000e\000\040\000t\000h\000e\000o\000r\000e\000m\000\040\000d\000o\000e\000s\000\040\000a\000n\000d\000\040\000d\000o\000e\000s\000\040\000n\000o\000t\000\040\000s\000a\000y}{section.6}% 14
\BOOKMARK [1][]{section.7}{\376\377\000T\000h\000e\000\040\000B\000A\000N\000K\000\040\000a\000s\000\040\000a\000\040\000g\000e\000o\000m\000e\000t\000r\000i\000c\000\040\000i\000n\000t\000e\000r\000v\000e\000n\000t\000i\000o\000n}{}% 15
\BOOKMARK [2][]{subsection.7.1}{\376\377\000A\000\040\000s\000e\000c\000o\000n\000d\000\040\000d\000i\000s\000c\000r\000e\000t\000e\000\040\000d\000e\000r\000i\000v\000a\000t\000i\000v\000e}{section.7}% 16
\BOOKMARK [2][]{subsection.7.2}{\376\377\000R\000o\000u\000t\000e\000-\000p\000r\000e\000s\000e\000r\000v\000i\000n\000g\000\040\000e\000x\000t\000e\000n\000s\000i\000o\000n}{section.7}% 17
\BOOKMARK [2][]{subsection.7.3}{\376\377\000C\000o\000n\000s\000e\000r\000v\000a\000t\000i\000v\000e\000\040\000t\000r\000u\000t\000h\000\040\000v\000e\000r\000s\000u\000s\000\040\000c\000o\000m\000p\000u\000t\000a\000t\000i\000o\000n\000a\000l\000\040\000p\000o\000s\000i\000t\000i\000o\000n}{section.7}% 18
\BOOKMARK [1][]{section.8}{\376\377\000C\000r\000o\000s\000s\000-\000a\000g\000e\000n\000t\000\040\000g\000e\000o\000d\000e\000s\000i\000c\000\040\000a\000s\000s\000i\000s\000t\000a\000n\000c\000e}{}% 19
\BOOKMARK [2][]{subsection.8.1}{\376\377\000A\000\040\000v\000e\000c\000t\000o\000r\000\040\000d\000e\000r\000i\000v\000a\000t\000i\000v\000e}{section.8}% 20
\BOOKMARK [1][]{section.9}{\376\377\000F\000r\000o\000m\000\040\000t\000w\000o\000-\000w\000a\000y\000\040\000s\000e\000t\000t\000l\000e\000m\000e\000n\000t\000\040\000t\000o\000\040\000m\000u\000l\000t\000i\000-\000r\000o\000l\000e\000\040\000A\000M\000L\000D}{}% 21
\BOOKMARK [2][]{subsection.9.1}{\376\377\000W\000h\000y\000\040\000t\000h\000e\000\040\000t\000w\000o\000-\000r\000o\000l\000e\000\040\000c\000a\000s\000e\000\040\000s\000h\000o\000u\000l\000d\000\040\000c\000o\000m\000e\000\040\000f\000i\000r\000s\000t}{section.9}% 22
\BOOKMARK [2][]{subsection.9.2}{\376\377\000F\000i\000v\000e\000-\000w\000a\000y\000\040\000P\000a\000c\000-\000M\000a\000n\000\040\000a\000s\000\040\000a\000\040\000v\000i\000s\000u\000a\000l\000i\000z\000a\000t\000i\000o\000n}{section.9}% 23
\BOOKMARK [2][]{subsection.9.3}{\376\377\000T\000y\000p\000e\000d\000\040\000t\000r\000a\000n\000s\000p\000o\000r\000t}{section.9}% 24
\BOOKMARK [1][]{section.10}{\376\377\000O\000r\000a\000c\000l\000e\000\040\000a\000n\000d\000\040\000O\000m\000n\000i\000c\000a\000r\000t\000o\000g\000r\000a\000p\000h\000e\000r\000\040\000v\000i\000e\000w\000p\000o\000i\000n\000t\000s}{}% 25
\BOOKMARK [2][]{subsection.10.1}{\376\377\000M\000a\000p\000\040\000k\000n\000o\000w\000l\000e\000d\000g\000e\000\040\000v\000e\000r\000s\000u\000s\000\040\000l\000o\000g\000i\000c\000a\000l\000\040\000t\000r\000u\000t\000h}{section.10}% 26
\BOOKMARK [2][]{subsection.10.2}{\376\377\000E\000x\000a\000c\000t\000\040\000a\000n\000d\000\040\000d\000i\000s\000c\000o\000v\000e\000r\000e\000d\000\040\000h\000o\000r\000i\000z\000o\000n\000s}{section.10}% 27
\BOOKMARK [1][]{section.11}{\376\377\000U\000n\000i\000v\000e\000r\000s\000a\000l\000\040\000S\000e\000t\000t\000l\000e\000m\000e\000n\000t\000\040\000H\000o\000r\000i\000z\000o\000n\000s\000\040\000a\000n\000d\000\040\000b\000r\000e\000a\000k\000t\000h\000r\000o\000u\000g\000h\000\040\000l\000a\000d\000d\000e\000r\000s}{}% 28
\BOOKMARK [2][]{subsection.11.1}{\376\377\000C\000a\000n\000o\000n\000i\000c\000a\000l\000\040\000m\000i\000n\000i\000m\000u\000m\000\040\000c\000e\000r\000t\000i\000f\000i\000c\000a\000t\000e\000s}{section.11}% 29
\BOOKMARK [2][]{subsection.11.2}{\376\377\000F\000i\000n\000i\000t\000e\000\040\000s\000t\000r\000i\000c\000t\000\040\000i\000m\000p\000r\000o\000v\000e\000m\000e\000n\000t}{section.11}% 30
\BOOKMARK [2][]{subsection.11.3}{\376\377\000B\000r\000e\000a\000k\000t\000h\000r\000o\000u\000g\000h\000\040\000d\000e\000r\000i\000v\000a\000t\000i\000v\000e}{section.11}% 31
\BOOKMARK [1][]{section.12}{\376\377\000N\000o\000n\000c\000o\000m\000p\000u\000t\000a\000b\000i\000l\000i\000t\000y\000\040\000o\000f\000\040\000t\000h\000e\000\040\000l\000a\000s\000t\000\040\000b\000r\000e\000a\000k\000t\000h\000r\000o\000u\000g\000h}{}% 32
\BOOKMARK [2][]{subsection.12.1}{\376\377\000T\000h\000e\000\040\000p\000r\000o\000o\000f\000-\000l\000e\000v\000e\000l\000\040\000t\000h\000e\000o\000r\000e\000m}{section.12}% 33
\BOOKMARK [2][]{subsection.12.2}{\376\377\000W\000h\000a\000t\000\040\000t\000h\000i\000s\000\040\000m\000e\000a\000n\000s\000\040\000g\000e\000o\000m\000e\000t\000r\000i\000c\000a\000l\000l\000y}{section.12}% 34
\BOOKMARK [2][]{subsection.12.3}{\376\377\000W\000h\000y\000\040\000t\000h\000i\000s\000\040\000d\000o\000e\000s\000\040\000n\000o\000t\000\040\000d\000e\000f\000e\000a\000t\000\040\000A\000M\000L\000D}{section.12}% 35
\BOOKMARK [2][]{subsection.12.4}{\376\377\000C\000o\000n\000d\000i\000t\000i\000o\000n\000a\000l\000\040\000A\000M\000L\000D\000\040\000t\000r\000a\000n\000s\000f\000e\000r}{section.12}% 36
\BOOKMARK [1][]{section.13}{\376\377\000T\000h\000e\000\040\000k\000e\000y\000\040\000c\000o\000m\000p\000u\000t\000a\000b\000i\000l\000i\000t\000y\000\040\000b\000o\000u\000n\000d\000a\000r\000y\000\040\000i\000n\000\040\000o\000n\000e\000\040\000d\000i\000a\000g\000r\000a\000m}{}% 37
\BOOKMARK [1][]{section.14}{\376\377\000A\000\040\000w\000o\000r\000k\000e\000d\000\040\000r\000e\000d\000u\000c\000e\000d\000\040\000e\000x\000a\000m\000p\000l\000e}{}% 38
\BOOKMARK [1][]{section.15}{\376\377\000A\000\040\000m\000o\000r\000e\000\040\000r\000e\000a\000l\000i\000s\000t\000i\000c\000\040\000c\000a\000u\000s\000a\000l\000\040\000d\000i\000s\000t\000i\000n\000c\000t\000i\000o\000n\000:\000\040\000u\000s\000e\000\040\000i\000s\000\040\000n\000o\000t\000\040\000b\000e\000n\000e\000f\000i\000t}{}% 39
\BOOKMARK [1][]{section.16}{\376\377\000G\000e\000o\000d\000e\000s\000i\000c\000\040\000g\000u\000i\000d\000a\000n\000c\000e\000\040\000v\000e\000r\000s\000u\000s\000\040\000h\000e\000u\000r\000i\000s\000t\000i\000c\000\040\000g\000u\000i\000d\000a\000n\000c\000e}{}% 40
\BOOKMARK [2][]{subsection.16.1}{\376\377\000P\000o\000t\000e\000n\000t\000i\000a\000l\000\040\000t\000r\000a\000i\000n\000i\000n\000g\000\040\000s\000i\000g\000n\000a\000l}{section.16}% 41
\BOOKMARK [2][]{subsection.16.2}{\376\377\000L\000e\000m\000m\000a\000\040\000s\000c\000o\000u\000t\000i\000n\000g\000\040\000a\000s\000\040\000g\000e\000o\000m\000e\000t\000r\000i\000c\000\040\000s\000e\000a\000r\000c\000h}{section.16}% 42
\BOOKMARK [1][]{section.17}{\376\377\000I\000n\000t\000e\000r\000a\000c\000t\000i\000o\000n\000\040\000w\000i\000t\000h\000\040\000g\000e\000n\000e\000r\000a\000l\000i\000z\000e\000d\000\040\000b\000o\000a\000r\000d\000\040\000g\000a\000m\000e\000s}{}% 43
\BOOKMARK [2][]{subsection.17.1}{\376\377\000S\000t\000a\000t\000e\000\040\000v\000e\000r\000s\000u\000s\000\040\000h\000i\000s\000t\000o\000r\000y}{section.17}% 44
\BOOKMARK [2][]{subsection.17.2}{\376\377\000C\000e\000r\000t\000i\000f\000i\000e\000d\000-\000s\000t\000a\000t\000e\000\040\000r\000e\000s\000t\000a\000r\000t}{section.17}% 45
\BOOKMARK [2][]{subsection.17.3}{\376\377\000F\000o\000r\000c\000e\000d\000-\000w\000i\000n\000\040\000h\000o\000r\000i\000z\000o\000n\000s\000\040\000v\000e\000r\000s\000u\000s\000\040\000s\000e\000t\000t\000l\000e\000m\000e\000n\000t\000\040\000h\000o\000r\000i\000z\000o\000n\000s}{section.17}% 46
\BOOKMARK [1][]{section.18}{\376\377\000O\000p\000e\000n\000\040\000m\000a\000t\000h\000e\000m\000a\000t\000i\000c\000a\000l\000\040\000p\000r\000o\000b\000l\000e\000m\000s}{}% 47
\BOOKMARK [1][]{section.19}{\376\377\000E\000x\000p\000e\000r\000i\000m\000e\000n\000t\000a\000l\000\040\000p\000r\000o\000g\000r\000a\000m}{}% 48
\BOOKMARK [1][]{section.20}{\376\377\000T\000h\000e\000o\000r\000e\000m\000-\000s\000t\000a\000t\000u\000s\000\040\000a\000n\000d\000\040\000d\000e\000p\000e\000n\000d\000e\000n\000c\000y\000\040\000l\000e\000d\000g\000e\000r}{}% 49
\BOOKMARK [1][]{section.21}{\376\377\000R\000e\000l\000a\000t\000i\000o\000n\000\040\000t\000o\000\040\000t\000h\000e\000\040\000s\000u\000r\000r\000o\000u\000n\000d\000i\000n\000g\000\040\000c\000o\000r\000p\000u\000s}{}% 50
\BOOKMARK [1][]{section.22}{\376\377\000C\000o\000n\000c\000l\000u\000s\000i\000o\000n}{}% 51
\BOOKMARK [1][]{appendix.A}{\376\377\000N\000o\000t\000a\000t\000i\000o\000n\000\040\000s\000u\000m\000m\000a\000r\000y}{}% 52
\BOOKMARK [1][]{appendix.B}{\376\377\000M\000i\000n\000i\000m\000a\000l\000\040\000p\000s\000e\000u\000d\000o\000c\000o\000d\000e\000\040\000f\000o\000r\000\040\000a\000\040\000c\000e\000r\000t\000i\000f\000i\000c\000a\000t\000e\000-\000p\000r\000o\000d\000u\000c\000i\000n\000g\000\040\000t\000w\000o\000-\000w\000a\000y\000\040\000m\000a\000c\000h\000i\000n\000e}{}% 53
\BOOKMARK [1][]{appendix.C}{\376\377\000C\000a\000n\000d\000i\000d\000a\000t\000e\000\040\000t\000h\000e\000o\000r\000e\000m\000\040\000s\000e\000q\000u\000e\000n\000c\000e\000\040\000f\000o\000r\000\040\000a\000\040\000f\000o\000l\000l\000o\000w\000-\000u\000p\000\040\000p\000a\000p\000e\000r}{}% 54
