\BOOKMARK [0][-]{part.1}{\376\377\000I\000\040\000S\000t\000r\000u\000c\000t\000u\000r\000a\000l\000\040\000P\000r\000e\000o\000r\000d\000e\000r\000s\000:\000\040\000S\000I\000C\000s\000\040\000a\000n\000d\000\040\000A\000M\000L\000D\000s}{}% 1
\BOOKMARK [1][-]{section.1}{\376\377\000V\000e\000r\000s\000i\000o\000n\000\040\0004\0008\000\040\000b\000a\000s\000e\000l\000i\000n\000e\000:\000\040\000t\000h\000e\000\040\000p\000r\000i\000n\000c\000i\000p\000a\000l\000\040\000S\000I\000C\000\040\000p\000r\000e\000o\000r\000d\000e\000r}{part.1}% 2
\BOOKMARK [1][-]{section.2}{\376\377\000C\000l\000o\000c\000k\000e\000d\000\040\000s\000i\000m\000u\000l\000a\000t\000i\000o\000n\000\040\000d\000e\000g\000r\000e\000e\000s\000\040\000o\000f\000\040\000S\000I\000C\000s}{part.1}% 3
\BOOKMARK [2][-]{subsection.2.1}{\376\377\000S\000t\000a\000t\000e\000-\000s\000p\000a\000c\000e\000\040\000c\000a\000p\000a\000c\000i\000t\000y}{section.2}% 4
\BOOKMARK [2][-]{subsection.2.2}{\376\377\000H\000a\000l\000t\000i\000n\000g\000\040\000a\000s\000\040\000a\000n\000\040\000o\000b\000s\000t\000r\000u\000c\000t\000i\000o\000n}{section.2}% 5
\BOOKMARK [2][-]{subsection.2.3}{\376\377\000C\000h\000a\000i\000n\000s\000\040\000a\000n\000d\000\040\000a\000n\000t\000i\000c\000h\000a\000i\000n\000s}{section.2}% 6
\BOOKMARK [1][-]{section.3}{\376\377\000S\000c\000h\000e\000d\000u\000l\000e\000d\000\040\000A\000M\000L\000D\000s\000\040\000a\000n\000d\000\040\000c\000o\000o\000p\000e\000r\000a\000t\000i\000v\000e\000\040\000s\000i\000m\000u\000l\000a\000t\000i\000o\000n\000\040\000d\000e\000g\000r\000e\000e\000s}{part.1}% 7
\BOOKMARK [2][-]{subsection.3.1}{\376\377\000S\000c\000h\000e\000d\000u\000l\000e\000d\000\040\000A\000M\000L\000D\000s}{section.3}% 8
\BOOKMARK [1][-]{section.4}{\376\377\000S\000e\000t\000t\000l\000e\000m\000e\000n\000t\000\040\000r\000e\000g\000i\000o\000n\000s\000\040\000a\000n\000d\000\040\000t\000h\000e\000\040\000n\000e\000e\000d\000\040\000f\000o\000r\000\040\000t\000a\000r\000g\000e\000t\000\040\000p\000r\000e\000s\000e\000r\000v\000a\000t\000i\000o\000n}{part.1}% 9
\BOOKMARK [1][-]{section.5}{\376\377\000W\000h\000y\000\040\000c\000l\000o\000c\000k\000e\000d\000\040\000d\000e\000g\000r\000e\000e\000s\000\040\000a\000r\000e\000\040\000n\000o\000t\000\040\000c\000o\000m\000p\000l\000e\000x\000i\000t\000y\000\040\000d\000e\000g\000r\000e\000e\000s}{part.1}% 10
\BOOKMARK [0][-]{part.2}{\376\377\000I\000I\000\040\000F\000a\000i\000r\000\040\000R\000e\000d\000u\000c\000t\000i\000o\000n\000s\000\040\000a\000n\000d\000\040\000S\000e\000t\000t\000l\000e\000m\000e\000n\000t\000\040\000G\000e\000o\000m\000e\000t\000r\000y}{}% 11
\BOOKMARK [1][-]{section.6}{\376\377\000E\000x\000a\000c\000t\000\040\000d\000e\000c\000i\000s\000i\000o\000n\000\040\000p\000r\000o\000c\000e\000d\000u\000r\000e\000s\000,\000\040\000s\000e\000t\000t\000l\000e\000m\000e\000n\000t\000\040\000c\000o\000s\000t\000,\000\040\000a\000n\000d\000\040\000B\000e\000l\000l\000m\000a\000n\000\040\000v\000a\000l\000u\000e}{part.2}% 12
\BOOKMARK [1][-]{section.7}{\376\377\000F\000a\000i\000r\000\040\000s\000e\000t\000t\000l\000e\000m\000e\000n\000t\000\040\000r\000e\000d\000u\000c\000t\000i\000o\000n\000s}{part.2}% 13
\BOOKMARK [1][-]{section.8}{\376\377\000D\000i\000s\000t\000r\000i\000b\000u\000t\000i\000o\000n\000s\000\040\000a\000n\000d\000\040\000h\000i\000g\000h\000-\000p\000r\000o\000b\000a\000b\000i\000l\000i\000t\000y\000\040\000s\000e\000t\000t\000l\000e\000m\000e\000n\000t\000\040\000h\000o\000r\000i\000z\000o\000n\000s}{part.2}% 14
\BOOKMARK [1][-]{section.9}{\376\377\000D\000i\000s\000t\000r\000i\000b\000u\000t\000i\000o\000n\000-\000r\000e\000l\000a\000t\000i\000v\000e\000\040\000f\000a\000i\000r\000\040\000r\000e\000d\000u\000c\000t\000i\000o\000n\000\040\000p\000r\000e\000o\000r\000d\000e\000r}{part.2}% 15
\BOOKMARK [1][-]{section.10}{\376\377\000W\000h\000a\000t\000\040\000`\000`\000s\000e\000m\000i\000-\000s\000o\000l\000v\000i\000n\000g\000\040\000a\000n\000\040\000N\000P\000-\000c\000o\000m\000p\000l\000e\000t\000e\000\040\000p\000r\000o\000b\000l\000e\000m\000'\000'\000\040\000m\000e\000a\000n\000s\000\040\000h\000e\000r\000e}{part.2}% 16
\BOOKMARK [1][-]{section.11}{\376\377\000S\000A\000T\000\040\000a\000s\000\040\000t\000h\000e\000\040\000f\000i\000r\000s\000t\000\040\000t\000e\000s\000t\000\040\000c\000a\000s\000e}{part.2}% 17
\BOOKMARK [1][-]{section.12}{\376\377\000A\000\040\000m\000o\000d\000e\000r\000n\000-\000c\000o\000m\000p\000u\000t\000e\000r\000\040\000t\000e\000s\000t\000\040\000p\000r\000o\000t\000o\000c\000o\000l}{part.2}% 18
\BOOKMARK [1][-]{section.13}{\376\377\000T\000e\000s\000t\000i\000n\000g\000\040\000f\000a\000i\000r\000\040\000r\000e\000d\000u\000c\000t\000i\000o\000n\000\040\000r\000a\000t\000h\000e\000r\000\040\000t\000h\000a\000n\000\040\000o\000n\000l\000y\000\040\000a\000\040\000s\000o\000l\000v\000e\000r}{part.2}% 19
\BOOKMARK [1][-]{section.14}{\376\377\000A\000\040\000g\000e\000n\000e\000r\000a\000l\000\040\000a\000u\000d\000i\000e\000n\000c\000e\000\040\000r\000e\000p\000l\000i\000c\000a\000t\000i\000o\000n\000\040\000t\000h\000e\000o\000r\000e\000m}{part.2}% 20
\BOOKMARK [1][-]{section.15}{\376\377\000R\000e\000s\000e\000a\000r\000c\000h\000\040\000p\000r\000o\000g\000r\000a\000m\000\040\000a\000n\000d\000\040\000o\000p\000e\000n\000\040\000p\000r\000o\000b\000l\000e\000m\000s}{part.2}% 21
\BOOKMARK [1][-]{section.16}{\376\377\000C\000o\000n\000c\000l\000u\000s\000i\000o\000n}{part.2}% 22
