\BOOKMARK [1][-]{section.1}{\376\377\000W\000h\000a\000t\000\040\000D\000A\000T\000A\000\040\000M\000I\000N\000D\000\040\0003\000.\0000\000\040\000I\000s}{}% 1
\BOOKMARK [1][-]{section.2}{\376\377\000T\000h\000e\000\040\000G\000o\000v\000e\000r\000n\000i\000n\000g\000\040\000T\000r\000u\000s\000t\000\040\000B\000o\000u\000n\000d\000a\000r\000y}{}% 2
\BOOKMARK [1][-]{section.3}{\376\377\000T\000h\000e\000\040\000C\000o\000r\000e\000\040\000M\000o\000d\000u\000l\000e\000s}{}% 3
\BOOKMARK [2][-]{subsection.3.1}{\376\377\000V\000e\000r\000i\000f\000i\000e\000r}{section.3}% 4
\BOOKMARK [2][-]{subsection.3.2}{\376\377\000B\000A\000N\000K}{section.3}% 5
\BOOKMARK [2][-]{subsection.3.3}{\376\377\000F\000U\000T\000U\000R\000E\000B\000A\000N\000K}{section.3}% 6
\BOOKMARK [2][-]{subsection.3.4}{\376\377\000S\000e\000a\000r\000c\000h\000\040\000K\000e\000r\000n\000e\000l}{section.3}% 7
\BOOKMARK [2][-]{subsection.3.5}{\376\377\000R\000e\000l\000e\000v\000a\000n\000t\000-\000M\000a\000t\000h\000\040\000R\000e\000t\000r\000i\000e\000v\000e\000r}{section.3}% 8
\BOOKMARK [2][-]{subsection.3.6}{\376\377\000A\000l\000t\000e\000r\000n\000a\000t\000i\000v\000e\000-\000M\000a\000t\000h\000\040\000P\000r\000e\000s\000e\000n\000t\000e\000r}{section.3}% 9
\BOOKMARK [2][-]{subsection.3.7}{\376\377\000Q\000u\000o\000t\000i\000e\000n\000t\000\040\000a\000n\000d\000\040\000I\000n\000v\000a\000r\000i\000a\000n\000t\000\040\000E\000n\000g\000i\000n\000e}{section.3}% 10
\BOOKMARK [2][-]{subsection.3.8}{\376\377\000C\000o\000m\000p\000a\000s\000s}{section.3}% 11
\BOOKMARK [2][-]{subsection.3.9}{\376\377\000S\000c\000o\000u\000t\000s}{section.3}% 12
\BOOKMARK [2][-]{subsection.3.10}{\376\377\000P\000l\000a\000y\000e\000r\000\040\000Z\000e\000r\000o}{section.3}% 13
\BOOKMARK [2][-]{subsection.3.11}{\376\377\000Q\000u\000o\000r\000u\000m}{section.3}% 14
\BOOKMARK [2][-]{subsection.3.12}{\376\377\000F\000u\000e\000l}{section.3}% 15
\BOOKMARK [2][-]{subsection.3.13}{\376\377\000P\000a\000r\000t\000i\000a\000l\000\040\000C\000r\000e\000d\000i\000t}{section.3}% 16
\BOOKMARK [2][-]{subsection.3.14}{\376\377\000S\000e\000n\000t\000i\000n\000e\000l}{section.3}% 17
\BOOKMARK [2][-]{subsection.3.15}{\376\377\000A\000d\000v\000e\000r\000s\000a\000r\000y}{section.3}% 18
\BOOKMARK [2][-]{subsection.3.16}{\376\377\000Q\000u\000a\000r\000f\000i\000l\000l}{section.3}% 19
\BOOKMARK [2][-]{subsection.3.17}{\376\377\000R\000e\000v\000i\000s\000e\000r}{section.3}% 20
\BOOKMARK [2][-]{subsection.3.18}{\376\377\000F\000i\000r\000e\000w\000a\000l\000l}{section.3}% 21
\BOOKMARK [2][-]{subsection.3.19}{\376\377\000L\000e\000a\000r\000n\000e\000r}{section.3}% 22
\BOOKMARK [2][-]{subsection.3.20}{\376\377\000H\000I\000S\000T\000O\000R\000Y}{section.3}% 23
\BOOKMARK [1][-]{section.4}{\376\377\000W\000h\000a\000t\000\040\000D\000A\000T\000A\000\040\000M\000I\000N\000D\000\040\000C\000a\000n\000\040\000D\000o}{}% 24
\BOOKMARK [1][-]{section.5}{\376\377\000W\000h\000a\000t\000\040\000D\000A\000T\000A\000\040\000M\000I\000N\000D\000\040\000C\000a\000n\000n\000o\000t\000\040\000L\000e\000g\000i\000t\000i\000m\000a\000t\000e\000l\000y\000\040\000D\000o}{}% 25
\BOOKMARK [1][-]{section.6}{\376\377\000I\000n\000s\000t\000a\000l\000l\000a\000t\000i\000o\000n\000\040\000P\000h\000i\000l\000o\000s\000o\000p\000h\000y}{}% 26
\BOOKMARK [1][-]{section.7}{\376\377\000A\000\040\000M\000i\000n\000i\000m\000a\000l\000\040\000I\000n\000s\000t\000a\000l\000l\000a\000t\000i\000o\000n\000\040\000P\000r\000o\000c\000e\000d\000u\000r\000e}{}% 27
\BOOKMARK [2][-]{subsection.7.1}{\376\377\000S\000t\000e\000p\000\040\0001\000:\000\040\000F\000r\000e\000e\000z\000e\000\040\000t\000h\000e\000\040\000f\000o\000r\000m\000a\000l\000\040\000b\000o\000u\000n\000d\000a\000r\000y}{section.7}% 28
\BOOKMARK [2][-]{subsection.7.2}{\376\377\000S\000t\000e\000p\000\040\0002\000:\000\040\000C\000r\000e\000a\000t\000e\000\040\000B\000A\000N\000K\000\040\000a\000n\000d\000\040\000F\000U\000T\000U\000R\000E\000B\000A\000N\000K}{section.7}% 29
\BOOKMARK [2][-]{subsection.7.3}{\376\377\000S\000t\000e\000p\000\040\0003\000:\000\040\000I\000n\000s\000t\000a\000l\000l\000\040\000t\000h\000e\000\040\000S\000e\000a\000r\000c\000h\000\040\000K\000e\000r\000n\000e\000l}{section.7}% 30
\BOOKMARK [2][-]{subsection.7.4}{\376\377\000S\000t\000e\000p\000\040\0004\000:\000\040\000I\000n\000s\000t\000a\000l\000l\000\040\000P\000l\000a\000y\000e\000r\000\040\000Z\000e\000r\000o}{section.7}% 31
\BOOKMARK [2][-]{subsection.7.5}{\376\377\000S\000t\000e\000p\000\040\0005\000:\000\040\000I\000n\000s\000t\000a\000l\000l\000\040\000o\000p\000e\000r\000a\000t\000i\000o\000n\000a\000l\000\040\000c\000o\000n\000t\000a\000i\000n\000m\000e\000n\000t}{section.7}% 32
\BOOKMARK [2][-]{subsection.7.6}{\376\377\000S\000t\000e\000p\000\040\0006\000:\000\040\000A\000d\000d\000\040\000o\000b\000s\000e\000r\000v\000a\000b\000i\000l\000i\000t\000y}{section.7}% 33
\BOOKMARK [2][-]{subsection.7.7}{\376\377\000S\000t\000e\000p\000\040\0007\000:\000\040\000R\000u\000n\000\040\000c\000a\000l\000i\000b\000r\000a\000t\000i\000o\000n\000\040\000p\000r\000o\000b\000l\000e\000m\000s}{section.7}% 34
\BOOKMARK [1][-]{section.8}{\376\377\000A\000\040\000R\000e\000f\000e\000r\000e\000n\000c\000e\000\040\000D\000i\000r\000e\000c\000t\000o\000r\000y\000\040\000L\000a\000y\000o\000u\000t}{}% 35
\BOOKMARK [1][-]{section.9}{\376\377\000M\000o\000d\000u\000l\000e\000\040\000C\000o\000n\000t\000r\000a\000c\000t\000s}{}% 36
\BOOKMARK [1][-]{section.10}{\376\377\000S\000a\000f\000e\000\040\000U\000p\000g\000r\000a\000d\000e}{}% 37
\BOOKMARK [1][-]{section.11}{\376\377\000V\000e\000r\000i\000f\000i\000e\000r\000\040\000U\000p\000g\000r\000a\000d\000e}{}% 38
\BOOKMARK [1][-]{section.12}{\376\377\000L\000e\000a\000r\000n\000e\000r\000\040\000U\000p\000g\000r\000a\000d\000e}{}% 39
\BOOKMARK [1][-]{section.13}{\376\377\000U\000p\000g\000r\000a\000d\000i\000n\000g\000\040\000C\000o\000m\000p\000a\000s\000s\000,\000\040\000S\000c\000o\000u\000t\000s\000,\000\040\000a\000n\000d\000\040\000Q\000u\000a\000r\000f\000i\000l\000l}{}% 40
\BOOKMARK [1][-]{section.14}{\376\377\000H\000o\000w\000\040\000D\000A\000T\000A\000\040\000M\000I\000N\000D\000\040\000I\000s\000\040\000U\000s\000e\000d}{}% 41
\BOOKMARK [1][-]{section.15}{\376\377\000D\000i\000f\000f\000i\000c\000u\000l\000t\000\040\000C\000a\000s\000e\000\040\000I\000:\000\040\000A\000\040\000L\000a\000r\000g\000e\000\040\000T\000h\000e\000o\000r\000e\000m\000-\000S\000e\000a\000r\000c\000h\000\040\000S\000p\000a\000c\000e}{}% 42
\BOOKMARK [1][-]{section.16}{\376\377\000D\000i\000f\000f\000i\000c\000u\000l\000t\000\040\000C\000a\000s\000e\000\040\000I\000I\000:\000\040\0003\000C\000N\000F\000\040\000S\000A\000T\000\040\000w\000i\000t\000h\000\040\000S\000t\000r\000u\000c\000t\000u\000r\000a\000l\000\040\000L\000o\000c\000a\000l\000i\000t\000y}{}% 43
\BOOKMARK [1][-]{section.17}{\376\377\000D\000i\000f\000f\000i\000c\000u\000l\000t\000\040\000C\000a\000s\000e\000\040\000I\000I\000I\000:\000\040\000A\000n\000\040\000E\000l\000u\000s\000i\000v\000e\000\040\000P\000a\000s\000s\000w\000o\000r\000d\000-\000L\000i\000k\000e\000\040\000T\000a\000r\000g\000e\000t}{}% 44
\BOOKMARK [1][-]{section.18}{\376\377\000D\000i\000f\000f\000i\000c\000u\000l\000t\000\040\000C\000a\000s\000e\000\040\000I\000V\000:\000\040\000A\000\040\000C\000o\000n\000j\000e\000c\000t\000u\000r\000e\000\040\000w\000i\000t\000h\000\040\000C\000o\000m\000p\000e\000t\000i\000n\000g\000\040\000P\000r\000o\000o\000f\000\040\000a\000n\000d\000\040\000R\000e\000f\000u\000t\000a\000t\000i\000o\000n\000\040\000R\000o\000u\000t\000e\000s}{}% 45
\BOOKMARK [1][-]{section.19}{\376\377\000D\000i\000f\000f\000i\000c\000u\000l\000t\000\040\000C\000a\000s\000e\000\040\000V\000:\000\040\000S\000c\000i\000e\000n\000t\000i\000f\000i\000c\000\040\000H\000y\000p\000o\000t\000h\000e\000s\000i\000s\000\040\000G\000e\000n\000e\000r\000a\000t\000i\000o\000n}{}% 46
\BOOKMARK [1][-]{section.20}{\376\377\000D\000i\000f\000f\000i\000c\000u\000l\000t\000\040\000C\000a\000s\000e\000\040\000V\000I\000:\000\040\000R\000e\000c\000o\000v\000e\000r\000y\000\040\000f\000r\000o\000m\000\040\000a\000\040\000M\000i\000s\000l\000e\000a\000d\000i\000n\000g\000\040\000L\000e\000a\000r\000n\000e\000r}{}% 47
\BOOKMARK [1][-]{section.21}{\376\377\000R\000e\000s\000o\000u\000r\000c\000e\000\040\000A\000l\000l\000o\000c\000a\000t\000i\000o\000n\000\040\000a\000n\000d\000\040\000S\000c\000o\000u\000t\000\040\000E\000c\000o\000n\000o\000m\000i\000c\000s}{}% 48
\BOOKMARK [1][-]{section.22}{\376\377\000B\000A\000N\000K\000\040\000a\000s\000\040\000a\000\040\000S\000e\000a\000r\000c\000h\000-\000G\000e\000o\000m\000e\000t\000r\000y\000\040\000T\000r\000a\000n\000s\000f\000o\000r\000m\000e\000r}{}% 49
\BOOKMARK [1][-]{section.23}{\376\377\000L\000e\000a\000r\000n\000i\000n\000g\000\040\000f\000r\000o\000m\000\040\000H\000I\000S\000T\000O\000R\000Y}{}% 50
\BOOKMARK [1][-]{section.24}{\376\377\000O\000p\000e\000r\000a\000t\000i\000o\000n\000a\000l\000\040\000S\000a\000f\000e\000t\000y}{}% 51
\BOOKMARK [1][-]{section.25}{\376\377\000T\000e\000s\000t\000i\000n\000g\000\040\000a\000\040\000D\000A\000T\000A\000\040\000M\000I\000N\000D\000\040\000I\000n\000s\000t\000a\000l\000l\000a\000t\000i\000o\000n}{}% 52
\BOOKMARK [2][-]{subsection.25.1}{\376\377\000V\000e\000r\000i\000f\000i\000e\000r\000\040\000t\000e\000s\000t\000s}{section.25}% 53
\BOOKMARK [2][-]{subsection.25.2}{\376\377\000B\000A\000N\000K\000\040\000t\000e\000s\000t\000s}{section.25}% 54
\BOOKMARK [2][-]{subsection.25.3}{\376\377\000C\000o\000n\000t\000r\000o\000l\000l\000e\000r\000\040\000t\000e\000s\000t\000s}{section.25}% 55
\BOOKMARK [2][-]{subsection.25.4}{\376\377\000F\000i\000r\000e\000w\000a\000l\000l\000\040\000t\000e\000s\000t\000s}{section.25}% 56
\BOOKMARK [2][-]{subsection.25.5}{\376\377\000L\000e\000a\000r\000n\000i\000n\000g\000\040\000t\000e\000s\000t\000s}{section.25}% 57
\BOOKMARK [2][-]{subsection.25.6}{\376\377\000R\000e\000c\000o\000v\000e\000r\000y\000\040\000t\000e\000s\000t\000s}{section.25}% 58
\BOOKMARK [1][-]{section.26}{\376\377\000A\000\040\000S\000m\000a\000l\000l\000\040\000E\000n\000d\000-\000t\000o\000-\000E\000n\000d\000\040\000E\000x\000a\000m\000p\000l\000e}{}% 59
\BOOKMARK [1][-]{section.27}{\376\377\000A\000\040\000M\000o\000r\000e\000\040\000D\000i\000f\000f\000i\000c\000u\000l\000t\000\040\000E\000n\000d\000-\000t\000o\000-\000E\000n\000d\000\040\000W\000o\000r\000k\000f\000l\000o\000w}{}% 60
\BOOKMARK [1][-]{section.28}{\376\377\000W\000h\000y\000\040\000M\000o\000d\000u\000l\000a\000r\000i\000t\000y\000\040\000M\000a\000t\000t\000e\000r\000s}{}% 61
\BOOKMARK [1][-]{section.29}{\376\377\000U\000p\000g\000r\000a\000d\000e\000\040\000W\000i\000t\000h\000o\000u\000t\000\040\000E\000p\000i\000s\000t\000e\000m\000i\000c\000\040\000D\000r\000i\000f\000t}{}% 62
\BOOKMARK [1][-]{section.30}{\376\377\000R\000e\000c\000o\000m\000m\000e\000n\000d\000e\000d\000\040\000U\000p\000g\000r\000a\000d\000e\000\040\000S\000e\000q\000u\000e\000n\000c\000e}{}% 63
\BOOKMARK [1][-]{section.31}{\376\377\000M\000i\000n\000i\000m\000a\000l\000\040\000C\000o\000n\000f\000o\000r\000m\000a\000n\000c\000e\000\040\000C\000h\000e\000c\000k\000l\000i\000s\000t}{}% 64
\BOOKMARK [1][-]{section.32}{\376\377\000R\000e\000s\000e\000a\000r\000c\000h\000\040\000Q\000u\000e\000s\000t\000i\000o\000n\000s}{}% 65
\BOOKMARK [1][-]{section.33}{\376\377\000C\000o\000n\000c\000l\000u\000s\000i\000o\000n}{}% 66
