\BOOKMARK [1][]{section*.1}{\376\377\000A\000b\000s\000t\000r\000a\000c\000t}{}% 1
\BOOKMARK [1][]{section*.2}{\376\377\000V\000e\000r\000s\000i\000o\000n\000\040\0004\0008\000\040\000c\000o\000n\000s\000o\000l\000i\000d\000a\000t\000i\000o\000n\000\040\000a\000n\000d\000\040\000a\000u\000t\000h\000o\000r\000i\000t\000y\000\040\000s\000t\000a\000t\000e\000m\000e\000n\000t}{}% 2
\BOOKMARK [1][]{section*.3}{\376\377\000V\000e\000r\000s\000i\000o\000n\000\040\0004\0008\000\040\000c\000o\000n\000s\000o\000l\000i\000d\000a\000t\000i\000o\000n\000\040\000c\000h\000a\000n\000g\000e\000s}{}% 3
\BOOKMARK [0][]{part*.5}{\376\377\000C\000o\000r\000r\000e\000c\000t\000e\000d\000\040\000C\000o\000r\000e\000:\000\040\000V\000e\000r\000s\000i\000o\000n\000\040\0004\0006\000.\0002\000\040\000A\000t\000l\000a\000s\000\040\000E\000d\000i\000t\000i\000o\000n}{}% 4
\BOOKMARK [0][]{part*.6}{\376\377\000V\000e\000r\000s\000i\000o\000n\000\040\0004\0008\000\040\000I\000n\000t\000e\000g\000r\000a\000t\000i\000o\000n\000\040\000A\000:\000\040\000M\000L\000-\000G\000u\000i\000d\000e\000d\000\040\000P\000r\000o\000o\000f\000\040\000S\000e\000a\000r\000c\000h}{}% 5
\BOOKMARK [1][]{section*.7}{\376\377\000P\000u\000r\000p\000o\000s\000e\000\040\000a\000n\000d\000\040\000p\000r\000o\000v\000e\000n\000a\000n\000c\000e\000\040\000o\000f\000\040\000t\000h\000e\000\040\000M\000L\000-\000g\000u\000i\000d\000e\000d\000\040\000i\000n\000t\000e\000g\000r\000a\000t\000i\000o\000n}{part*.6}% 6
\BOOKMARK [1][]{section.1}{\376\377\000P\000r\000o\000o\000f\000-\000c\000o\000u\000n\000t\000\040\000b\000o\000u\000n\000d\000s\000\040\000a\000n\000d\000\040\000l\000e\000a\000r\000n\000e\000d\000\040\000s\000e\000a\000r\000c\000h\000\040\000a\000l\000l\000o\000c\000a\000t\000i\000o\000n}{part*.6}% 7
\BOOKMARK [1][]{section.2}{\376\377\000T\000h\000e\000\040\000P\000r\000e\000d\000a\000t\000o\000r\000\040\0008\000.\0000\0000\0002\000\040\000c\000o\000n\000t\000r\000o\000l\000l\000e\000d\000\040\000p\000r\000c\000o\000m\000\040\000e\000x\000p\000e\000r\000i\000m\000e\000n\000t}{part*.6}% 8
\BOOKMARK [1][]{section.3}{\376\377\000I\000l\000l\000u\000s\000t\000r\000a\000t\000i\000v\000e\000\040\000c\000o\000u\000n\000t\000i\000n\000g\000\040\000p\000r\000o\000x\000y\000\040\000a\000n\000d\000\040\000i\000t\000s\000\040\000l\000i\000m\000i\000t\000a\000t\000i\000o\000n}{part*.6}% 9
\BOOKMARK [1][]{section.4}{\376\377\000R\000e\000l\000a\000t\000i\000o\000n\000s\000h\000i\000p\000\040\000t\000o\000\040\000i\000n\000d\000u\000c\000t\000i\000o\000n}{part*.6}% 10
\BOOKMARK [0][]{part*.8}{\376\377\000V\000e\000r\000s\000i\000o\000n\000\040\0004\0008\000\040\000I\000n\000t\000e\000g\000r\000a\000t\000i\000o\000n\000\040\000B\000:\000\040\000A\000M\000L\000D\000s\000,\000\040\000C\000o\000o\000p\000e\000r\000a\000t\000i\000v\000e\000\040\000I\000n\000d\000u\000c\000t\000i\000o\000n\000,\000\040\000a\000n\000d\000\040\000S\000e\000t\000t\000l\000e\000m\000e\000n\000t\000\040\000S\000p\000e\000e\000d}{}% 11
\BOOKMARK [1][]{section*.9}{\376\377\000S\000c\000o\000p\000e\000\040\000o\000f\000\040\000t\000h\000e\000\040\000A\000M\000L\000D\000\040\000i\000n\000t\000e\000g\000r\000a\000t\000i\000o\000n}{part*.8}% 12
\BOOKMARK [1][]{section.1}{\376\377\000F\000o\000r\000m\000a\000l\000\040\000A\000M\000L\000D\000\040\000s\000e\000t\000t\000i\000n\000g}{part*.8}% 13
\BOOKMARK [1][]{section.2}{\376\377\000G\000l\000o\000b\000a\000l\000-\000s\000t\000a\000t\000e\000\040\000i\000n\000d\000u\000c\000t\000i\000o\000n\000\040\000a\000n\000d\000\040\000c\000o\000n\000s\000e\000r\000v\000a\000t\000i\000v\000e\000\040\000B\000A\000N\000K\000\040\000g\000r\000o\000w\000t\000h}{part*.8}% 14
\BOOKMARK [1][]{section.3}{\376\377\000C\000h\000a\000n\000n\000e\000l\000\040\000d\000i\000s\000c\000o\000v\000e\000r\000y\000,\000\040\000B\000A\000N\000K\000\040\000b\000i\000r\000t\000h\000,\000\040\000a\000n\000d\000\040\000c\000e\000r\000t\000i\000f\000i\000c\000a\000t\000e\000\040\000i\000n\000d\000u\000c\000t\000i\000o\000n}{part*.8}% 15
\BOOKMARK [1][]{section.4}{\376\377\000S\000e\000t\000t\000l\000e\000m\000e\000n\000t\000\040\000t\000i\000m\000e\000\040\000a\000n\000d\000\040\000r\000e\000f\000i\000n\000e\000m\000e\000n\000t}{part*.8}% 16
\BOOKMARK [1][]{section.5}{\376\377\000P\000r\000o\000o\000f\000\040\000h\000o\000r\000i\000z\000o\000n\000s\000\040\000u\000n\000d\000e\000r\000\040\000c\000o\000o\000p\000e\000r\000a\000t\000i\000v\000e\000\040\000B\000A\000N\000K\000\040\000g\000r\000o\000w\000t\000h}{part*.8}% 17
\BOOKMARK [1][]{section.6}{\376\377\000C\000o\000m\000p\000a\000r\000i\000n\000g\000\040\000a\000\040\000s\000t\000a\000n\000d\000-\000a\000l\000o\000n\000e\000\040\000A\000T\000P\000\040\000w\000i\000t\000h\000\040\000a\000n\000\040\000A\000M\000L\000D}{part*.8}% 18
\BOOKMARK [1][]{section.7}{\376\377\000W\000a\000l\000l\000-\000c\000l\000o\000c\000k\000\040\000s\000p\000e\000e\000d\000\040\000a\000n\000d\000\040\000t\000o\000t\000a\000l\000\040\000w\000o\000r\000k}{part*.8}% 19
\BOOKMARK [1][]{section.8}{\376\377\000W\000e\000i\000g\000h\000t\000e\000d\000\040\000a\000n\000d\000\040\000c\000a\000u\000s\000a\000l\000\040\000A\000M\000L\000D\000\040\000p\000o\000t\000e\000n\000t\000i\000a\000l\000\040\000b\000o\000u\000n\000d\000s}{part*.8}% 20
\BOOKMARK [1][]{section.9}{\376\377\000A\000M\000L\000D\000s\000\040\000a\000n\000d\000\040\000t\000h\000e\000\040\000i\000n\000d\000u\000c\000t\000i\000o\000n\000\040\000h\000i\000e\000r\000a\000r\000c\000h\000y}{part*.8}% 21
\BOOKMARK [1][]{section.10}{\376\377\000M\000o\000n\000o\000t\000o\000n\000e\000\040\000g\000r\000o\000w\000t\000h\000\040\000a\000n\000d\000\040\000m\000o\000n\000o\000t\000o\000n\000e\000\040\000o\000b\000j\000e\000c\000t\000-\000l\000e\000v\000e\000l\000\040\000h\000o\000r\000i\000z\000o\000n\000s}{part*.8}% 22
\BOOKMARK [1][]{section.11}{\376\377\000C\000o\000n\000c\000l\000u\000s\000i\000o\000n\000s}{part*.8}% 23
\BOOKMARK [0][]{part*.10}{\376\377\000V\000e\000r\000s\000i\000o\000n\000\040\0004\0008\000\040\000C\000l\000o\000s\000i\000n\000g\000\040\000S\000y\000n\000t\000h\000e\000s\000i\000s}{}% 24
