\BOOKMARK [1][-]{section.1}{\376\377\000G\000e\000n\000e\000r\000a\000l\000i\000z\000e\000d\000\040\000B\000o\000a\000r\000d\000\040\000G\000a\000m\000e\000s\000,\000\040\000x\000y\000z\000\040\000F\000o\000r\000m\000a\000l\000\040\000S\000y\000s\000t\000e\000m\000s\000,\000\040\000a\000n\000d\000\040\000G\000e\000o\000m\000e\000t\000r\000i\000c\000\040\000N\000a\000v\000i\000g\000a\000t\000i\000o\000n\000\040\000i\000n\000\040\000A\000u\000t\000o\000m\000a\000t\000e\000d\000\040\000T\000h\000e\000o\000r\000e\000m\000\040\000P\000r\000o\000v\000i\000n\000g}{}% 1
\BOOKMARK [1][-]{section.2}{\376\377\000T\000h\000e\000\040\000x\000y\000z\000\040\000f\000o\000r\000m\000a\000l\000-\000s\000y\000s\000t\000e\000m\000\040\000b\000a\000c\000k\000b\000o\000n\000e}{}% 2
\BOOKMARK [2][-]{subsection.2.1}{\376\377\000E\000x\000a\000c\000t\000\040\000s\000y\000n\000t\000a\000c\000t\000i\000c\000\040\000i\000d\000e\000n\000t\000i\000t\000y\000\040\000p\000r\000e\000c\000e\000d\000e\000s\000\040\000g\000e\000o\000m\000e\000t\000r\000y}{section.2}% 3
\BOOKMARK [1][-]{section.3}{\376\377\000G\000e\000n\000e\000r\000a\000l\000i\000z\000e\000d\000\040\000b\000o\000a\000r\000d\000\040\000g\000a\000m\000e\000s\000\040\000a\000s\000\040\000f\000o\000r\000m\000a\000l\000\040\000s\000y\000s\000t\000e\000m\000s}{}% 4
\BOOKMARK [2][-]{subsection.3.1}{\376\377\000M\000a\000t\000c\000h\000-\000p\000r\000o\000o\000f\000s}{section.3}% 5
\BOOKMARK [2][-]{subsection.3.2}{\376\377\000W\000i\000n\000n\000i\000n\000g\000\040\000t\000h\000e\000o\000r\000e\000m\000s\000\040\000v\000e\000r\000s\000u\000s\000\040\000f\000o\000r\000c\000e\000d\000\040\000w\000i\000n\000s}{section.3}% 6
\BOOKMARK [1][-]{section.4}{\376\377\000L\000i\000f\000t\000i\000n\000g\000\040\000a\000n\000\040\000A\000T\000P\000\040\000t\000o\000\040\000a\000\040\000g\000e\000n\000e\000r\000a\000l\000i\000z\000e\000d\000\040\000b\000o\000a\000r\000d\000\040\000g\000a\000m\000e}{}% 7
\BOOKMARK [1][-]{section.5}{\376\377\000T\000a\000r\000g\000e\000t\000\040\000w\000i\000n\000n\000i\000n\000g\000\040\000r\000e\000g\000i\000o\000n\000s\000\040\000a\000n\000d\000\040\000p\000r\000o\000v\000a\000b\000i\000l\000i\000t\000y}{}% 8
\BOOKMARK [2][-]{subsection.5.1}{\376\377\000S\000i\000n\000g\000l\000e\000-\000p\000l\000a\000y\000e\000r\000\040\000s\000t\000r\000a\000t\000e\000g\000y\000\040\000c\000o\000l\000l\000a\000p\000s\000e}{section.5}% 9
\BOOKMARK [1][-]{section.6}{\376\377\000F\000i\000n\000i\000t\000e\000\040\000c\000o\000m\000p\000l\000e\000t\000e\000\040\000e\000p\000o\000c\000h\000s\000\040\000a\000n\000d\000\040\000e\000v\000e\000n\000t\000u\000a\000l\000\040\000w\000i\000n\000n\000i\000n\000g\000-\000s\000t\000a\000t\000e\000\040\000r\000e\000a\000c\000h\000a\000b\000i\000l\000i\000t\000y}{}% 10
\BOOKMARK [1][-]{section.7}{\376\377\000R\000u\000l\000e\000\040\000a\000r\000i\000t\000y\000\040\000c\000r\000e\000a\000t\000e\000s\000\040\000a\000\040\000b\000a\000s\000e\000\040\000i\000n\000f\000e\000r\000e\000n\000c\000e\000\040\000d\000i\000m\000e\000n\000s\000i\000o\000n}{}% 11
\BOOKMARK [2][-]{subsection.7.1}{\376\377\000E\000x\000a\000c\000t\000\040\000r\000a\000n\000k\000\040\000r\000e\000a\000l\000i\000z\000a\000t\000i\000o\000n}{section.7}% 12
\BOOKMARK [2][-]{subsection.7.2}{\376\377\000R\000a\000t\000i\000o\000n\000a\000l\000\040\000n\000a\000v\000i\000g\000a\000t\000i\000o\000n\000\040\000a\000n\000d\000\040\000b\000u\000c\000k\000e\000t\000e\000d\000\040\000c\000o\000v\000e\000r\000a\000g\000e}{section.7}% 13
\BOOKMARK [1][-]{section.8}{\376\377\000B\000r\000e\000a\000d\000t\000h\000-\000f\000i\000r\000s\000t\000\040\000p\000r\000o\000o\000f\000\040\000h\000o\000r\000i\000z\000o\000n\000\040\000a\000n\000d\000\040\000H\000i\000l\000b\000e\000r\000t\000\040\000m\000i\000c\000r\000o\000-\000n\000a\000v\000i\000g\000a\000t\000i\000o\000n}{}% 14
\BOOKMARK [2][-]{subsection.8.1}{\376\377\000A\000\040\000t\000w\000o\000-\000c\000o\000o\000r\000d\000i\000n\000a\000t\000e\000\040\000s\000e\000a\000r\000c\000h\000\040\000h\000o\000r\000i\000z\000o\000n}{section.8}% 15
\BOOKMARK [1][-]{section.9}{\376\377\000P\000r\000o\000o\000f\000\040\000h\000o\000r\000i\000z\000o\000n\000\040\000a\000s\000\040\000a\000\040\000G\000B\000G\000\040\000w\000i\000n\000n\000i\000n\000g\000-\000r\000e\000g\000i\000o\000n\000\040\000h\000o\000r\000i\000z\000o\000n}{}% 16
\BOOKMARK [1][-]{section.10}{\376\377\000A\000c\000t\000i\000o\000n\000\040\000f\000i\000b\000e\000r\000s\000\040\000o\000v\000e\000r\000\040\000c\000o\000m\000p\000l\000e\000t\000e\000\040\000s\000e\000a\000r\000c\000h\000\040\000s\000t\000a\000t\000e\000s}{}% 17
\BOOKMARK [2][-]{subsection.10.1}{\376\377\000C\000a\000n\000d\000i\000d\000a\000t\000e\000\040\000v\000o\000l\000u\000m\000e\000\040\000a\000n\000d\000\040\000m\000a\000c\000h\000i\000n\000e\000\040\000b\000r\000a\000n\000c\000h\000i\000n\000g}{section.10}% 18
\BOOKMARK [2][-]{subsection.10.2}{\376\377\000E\000x\000a\000c\000t\000\040\000c\000o\000u\000n\000t\000i\000n\000g\000\040\000o\000f\000\040\000l\000i\000f\000t\000e\000d\000\040\000A\000T\000P\000\040\000h\000i\000s\000t\000o\000r\000i\000e\000s}{section.10}% 19
\BOOKMARK [1][-]{section.11}{\376\377\000T\000r\000a\000n\000s\000p\000o\000s\000i\000t\000i\000o\000n\000s\000,\000\040\000c\000o\000m\000p\000l\000e\000t\000e\000\040\000s\000t\000a\000t\000e\000s\000,\000\040\000a\000n\000d\000\040\000h\000i\000s\000t\000o\000r\000y\000\040\000q\000u\000o\000t\000i\000e\000n\000t\000i\000n\000g}{}% 20
\BOOKMARK [1][-]{section.12}{\376\377\000E\000x\000p\000a\000n\000d\000i\000n\000g\000\040\000i\000n\000f\000e\000r\000e\000n\000c\000e\000\040\000b\000o\000a\000r\000d\000s}{}% 21
\BOOKMARK [1][-]{section.13}{\376\377\000S\000y\000n\000c\000h\000r\000o\000n\000i\000z\000e\000d\000\040\000t\000w\000o\000-\000d\000i\000m\000e\000n\000s\000i\000o\000n\000a\000l\000\040\000a\000t\000l\000a\000s\000e\000s\000\040\000f\000o\000r\000\040\000d\000-\000d\000i\000m\000e\000n\000s\000i\000o\000n\000a\000l\000\040\000a\000c\000t\000i\000o\000n\000\040\000c\000o\000m\000p\000o\000n\000e\000n\000t\000s}{}% 22
\BOOKMARK [2][-]{subsection.13.1}{\376\377\000C\000o\000m\000p\000o\000n\000e\000n\000t\000w\000i\000s\000e\000\040\000a\000t\000l\000a\000s\000\040\000f\000o\000r\000\040\000a\000n\000\040\000a\000c\000t\000i\000o\000n\000\040\000f\000i\000b\000e\000r}{section.13}% 23
\BOOKMARK [1][-]{section.14}{\376\377\000D\000u\000a\000l\000\040\000c\000e\000r\000t\000i\000f\000i\000c\000a\000t\000e\000s\000:\000\040\000t\000h\000e\000o\000r\000e\000m\000\040\000p\000r\000o\000o\000f\000\040\000a\000n\000d\000\040\000s\000e\000a\000r\000c\000h\000\040\000p\000r\000o\000o\000f}{}% 24
\BOOKMARK [1][-]{section.15}{\376\377\000W\000h\000a\000t\000\040\000H\000i\000l\000b\000e\000r\000t\000\040\000n\000a\000v\000i\000g\000a\000t\000i\000o\000n\000\040\000c\000a\000n\000\040\000a\000n\000d\000\040\000c\000a\000n\000n\000o\000t\000\040\000c\000h\000a\000n\000g\000e}{}% 25
\BOOKMARK [1][-]{section.16}{\376\377\000T\000h\000e\000\040\000r\000e\000s\000u\000l\000t\000i\000n\000g\000\040\000a\000r\000c\000h\000i\000t\000e\000c\000t\000u\000r\000e}{}% 26
\BOOKMARK [1][-]{section.17}{\376\377\000C\000o\000n\000s\000e\000q\000u\000e\000n\000c\000e\000s\000\040\000a\000n\000d\000\040\000r\000e\000s\000e\000a\000r\000c\000h\000\040\000p\000r\000o\000g\000r\000a\000m}{}% 27
\BOOKMARK [1][-]{section.18}{\376\377\000C\000o\000n\000c\000l\000u\000s\000i\000o\000n}{}% 28
